// Jest Snapshot v1, https://goo.gl/fbAQLP

exports[`Broker.js unit tests Should render without errors 1`] = `
<div
  style={
    Object {
      "backgroundColor": "#143546",
      "display": "flex",
    }
  }
>
  <div
    className="broker-grid-container"
    style={
      Object {
        "minWidth": "100vw",
      }
    }
  />
  <SideBar
    brokerGraphData={null}
    brokerId={null}
    brokerTopics={Array []}
    closeSideBar={[Function]}
    isSideBarOpen={false}
  />
</div>
`;
