// Jest Snapshot v1, https://goo.gl/fbAQLP

exports[`MessageList.js unit tests Should render without errors 1`] = `
<div
  className="message-list"
>
  <Message
    id={0}
    key="first-0"
    offset={0}
  />
  <Message
    id={1}
    key="first-1"
    offset={1}
  />
  <Message
    id={2}
    key="first-2"
    offset={2}
  />
  <Message
    id={3}
    key="first-3"
    offset={3}
  />
  <Message
    id={4}
    key="first-4"
    offset={4}
  />
</div>
`;
