// Jest Snapshot v1, https://goo.gl/fbAQLP

exports[`PartitionList unit tests Should render without errors 1`] = `
<div
  className="partition-list"
>
  <Partition
    id="0"
    key="first-0"
    showMessages={[MockFunction]}
    topicName="first"
  />
  <Partition
    id="1"
    key="first-1"
    showMessages={[MockFunction]}
    topicName="first"
  />
  <Partition
    id="2"
    key="first-2"
    showMessages={[MockFunction]}
    topicName="first"
  />
  <Partition
    id="3"
    key="first-3"
    showMessages={[MockFunction]}
    topicName="first"
  />
  <Partition
    id="4"
    key="first-4"
    showMessages={[MockFunction]}
    topicName="first"
  />
</div>
`;
